// Vitest Snapshot v1

exports[`Watermark.vue > create 1`] = `"<div style=\\"position: relative;\\" class=\\"watermark\\">Rem is the best girl</div>"`;
