// Vitest Snapshot v1, https://vitest.dev/guide/snapshot.html

exports[`should render demo and match snapshot 1`] = `
<div class="van-tabs van-tabs--line">
  <div class="van-tabs__wrap">
    <div
      role="tablist"
      class="van-tabs__nav van-tabs__nav--line"
      aria-orientation="horizontal"
    >
      <div
        id="van-tabs-0"
        role="tab"
        class="van-tab van-tab--line van-tab--active"
        tabindex="0"
        aria-selected="true"
        aria-controls="van-tab"
        data-allow-mismatch="attribute"
      >
        <span class="van-tab__text van-tab__text--ellipsis">
          Basic Usage
        </span>
      </div>
      <div
        id="van-tabs-1"
        role="tab"
        class="van-tab van-tab--line"
        tabindex="-1"
        aria-selected="false"
        aria-controls="van-tab"
        data-allow-mismatch="attribute"
      >
        <span class="van-tab__text van-tab__text--ellipsis">
          Success Tip
        </span>
      </div>
      <div
        id="van-tabs-2"
        role="tab"
        class="van-tab van-tab--line"
        tabindex="-1"
        aria-selected="false"
        aria-controls="van-tab"
        data-allow-mismatch="attribute"
      >
        <span class="van-tab__text van-tab__text--ellipsis">
          Custom Tips
        </span>
      </div>
      <div
        class="van-tabs__line"
        style="transform: translateX(50px) translateX(-50%);"
      >
      </div>
    </div>
  </div>
  <div class="van-tabs__content">
    <div
      id="van-tab"
      role="tabpanel"
      class="van-tab__panel"
      tabindex="0"
      aria-labelledby="van-tabs-0"
      data-allow-mismatch="attribute"
      style
    >
      <div class="van-pull-refresh">
        <div
          class="van-pull-refresh__track"
          style="transition-duration: 0ms;"
        >
          <div class="van-pull-refresh__head">
          </div>
          <p>
            Try it down
          </p>
        </div>
      </div>
    </div>
    <div
      id="van-tab"
      role="tabpanel"
      class="van-tab__panel"
      tabindex="-1"
      aria-labelledby="van-tabs-1"
      data-allow-mismatch="attribute"
      style="display: none;"
    >
    </div>
    <div
      id="van-tab"
      role="tabpanel"
      class="van-tab__panel"
      tabindex="-1"
      aria-labelledby="van-tabs-2"
      data-allow-mismatch="attribute"
      style="display: none;"
    >
    </div>
  </div>
</div>
`;
